// Vitest Snapshot v1, https://vitest.dev/guide/snapshot.html

exports[`Top > should match to the snapshot 1`] = `
<DocumentFragment>
  <div>
    hello!
  </div>
</DocumentFragment>
`;
