// Vitest Snapshot v1, https://vitest.dev/guide/snapshot.html

exports[`Toast > should match to the snapshot 1`] = `
<DocumentFragment>
  <div
    class="hidden"
  />
</DocumentFragment>
`;
